============================================
GLOBEX_OS Static Analysis
============================================

Checking required tools...
[0;32m✓ clang-tidy: Debian LLVM version 14.0.6[0m
[0;32m✓ cppcheck: Cppcheck 2.10[0m

============================================
Running clang-tidy
============================================

Found 7 files to analyze

[0;34mAnalyzing:[0m kernels/x86_64/src/kernel/main.cpp
Error while trying to load a compilation database:
Could not auto-detect compilation database for file "/home/tmlcs/GLOBEX_OS/kernels/x86_64/src/kernel/main.cpp"
No compilation database found in /home/tmlcs/GLOBEX_OS/kernels/x86_64/src/kernel or any parent directory
fixed-compilation-database: Error while opening fixed database: No such file or directory
json-compilation-database: Error while opening JSON database: No such file or directory
Running without flags.
255 warnings generated.
/home/tmlcs/GLOBEX_OS/kernels/x86_64/src/kernel/main.cpp:134:22: warning: implicit conversion 'int' -> bool [readability-implicit-bool-conversion]
    bool serial_ok = serial_init_default();
                     ^
                                           != 0
/home/tmlcs/GLOBEX_OS/kernels/x86_64/src/kernel/main.cpp:183:13: warning: implicit conversion 'int' -> bool [readability-implicit-bool-conversion]
        if (serial_has_failed()) {
            ^
                                != 0
/home/tmlcs/GLOBEX_OS/kernels/x86_64/src/kernel/main.cpp:237:9: warning: implicit conversion 'int' -> bool [readability-implicit-bool-conversion]
    if (serial_is_initialized()) {
        ^
                                != 0
Suppressed 252 warnings (252 in non-user code).
Use -header-filter=.* to display errors from all non-system headers. Use -system-headers to display errors from system headers as well.
[0;34mAnalyzing:[0m kernels/x86_64/src/drivers/console/print.cpp
Error while trying to load a compilation database:
Could not auto-detect compilation database for file "/home/tmlcs/GLOBEX_OS/kernels/x86_64/src/drivers/console/print.cpp"
No compilation database found in /home/tmlcs/GLOBEX_OS/kernels/x86_64/src/drivers/console or any parent directory
fixed-compilation-database: Error while opening fixed database: No such file or directory
json-compilation-database: Error while opening JSON database: No such file or directory
Running without flags.
252 warnings generated.
Suppressed 252 warnings (252 in non-user code).
Use -header-filter=.* to display errors from all non-system headers. Use -system-headers to display errors from system headers as well.
[0;34mAnalyzing:[0m kernels/x86_64/src/drivers/serial/serial.cpp
Error while trying to load a compilation database:
Could not auto-detect compilation database for file "/home/tmlcs/GLOBEX_OS/kernels/x86_64/src/drivers/serial/serial.cpp"
No compilation database found in /home/tmlcs/GLOBEX_OS/kernels/x86_64/src/drivers/serial or any parent directory
fixed-compilation-database: Error while opening fixed database: No such file or directory
json-compilation-database: Error while opening JSON database: No such file or directory
Running without flags.
285 warnings generated.
/home/tmlcs/GLOBEX_OS/kernels/x86_64/src/arch/x86_64/include/atomic.h:48:56: warning: pointer parameter 'ptr' can be pointer to const [readability-non-const-parameter]
static inline uint32_t atomic_inc32(volatile uint32_t* ptr) {
                                                       ^
                                    const 
/home/tmlcs/GLOBEX_OS/kernels/x86_64/src/arch/x86_64/include/atomic.h:69:56: warning: pointer parameter 'ptr' can be pointer to const [readability-non-const-parameter]
static inline uint32_t atomic_dec32(volatile uint32_t* ptr) {
                                                       ^
                                    const 
/home/tmlcs/GLOBEX_OS/kernels/x86_64/src/arch/x86_64/include/atomic.h:91:56: warning: pointer parameter 'ptr' can be pointer to const [readability-non-const-parameter]
static inline uint32_t atomic_add32(volatile uint32_t* ptr, uint32_t value) {
                                                       ^
                                    const 
/home/tmlcs/GLOBEX_OS/kernels/x86_64/src/arch/x86_64/include/atomic.h:113:56: warning: pointer parameter 'ptr' can be pointer to const [readability-non-const-parameter]
static inline uint32_t atomic_sub32(volatile uint32_t* ptr, uint32_t value) {
                                                       ^
                                    const 
/home/tmlcs/GLOBEX_OS/kernels/x86_64/src/arch/x86_64/include/atomic.h:135:57: warning: pointer parameter 'ptr' can be pointer to const [readability-non-const-parameter]
static inline uint32_t atomic_load32(volatile uint32_t* ptr) {
                                                        ^
                                     const 
/home/tmlcs/GLOBEX_OS/kernels/x86_64/src/arch/x86_64/include/atomic.h:156:54: warning: pointer parameter 'ptr' can be pointer to const [readability-non-const-parameter]
static inline void atomic_store32(volatile uint32_t* ptr, uint32_t value) {
                                                     ^
                                  const 
/home/tmlcs/GLOBEX_OS/kernels/x86_64/src/arch/x86_64/include/atomic.h:182:56: warning: pointer parameter 'ptr' can be pointer to const [readability-non-const-parameter]
static inline uint64_t atomic_inc64(volatile uint64_t* ptr) {
                                                       ^
                                    const 
/home/tmlcs/GLOBEX_OS/kernels/x86_64/src/arch/x86_64/include/atomic.h:203:56: warning: pointer parameter 'ptr' can be pointer to const [readability-non-const-parameter]
static inline uint64_t atomic_dec64(volatile uint64_t* ptr) {
                                                       ^
                                    const 
/home/tmlcs/GLOBEX_OS/kernels/x86_64/src/arch/x86_64/include/atomic.h:225:56: warning: pointer parameter 'ptr' can be pointer to const [readability-non-const-parameter]
static inline uint64_t atomic_add64(volatile uint64_t* ptr, uint64_t value) {
                                                       ^
                                    const 
/home/tmlcs/GLOBEX_OS/kernels/x86_64/src/arch/x86_64/include/atomic.h:247:56: warning: pointer parameter 'ptr' can be pointer to const [readability-non-const-parameter]
static inline uint64_t atomic_sub64(volatile uint64_t* ptr, uint64_t value) {
                                                       ^
                                    const 
/home/tmlcs/GLOBEX_OS/kernels/x86_64/src/arch/x86_64/include/atomic.h:268:57: warning: pointer parameter 'ptr' can be pointer to const [readability-non-const-parameter]
static inline uint64_t atomic_load64(volatile uint64_t* ptr) {
                                                        ^
                                     const 
/home/tmlcs/GLOBEX_OS/kernels/x86_64/src/arch/x86_64/include/atomic.h:289:54: warning: pointer parameter 'ptr' can be pointer to const [readability-non-const-parameter]
static inline void atomic_store64(volatile uint64_t* ptr, uint64_t value) {
                                                     ^
                                  const 
/home/tmlcs/GLOBEX_OS/kernels/x86_64/src/arch/x86_64/include/atomic.h:334:65: warning: pointer parameter 'ptr' can be pointer to const [readability-non-const-parameter]
static inline bool atomic_compare_exchange32(volatile uint32_t* ptr, uint32_t* expected,
                                                                ^
                                             const 
/home/tmlcs/GLOBEX_OS/kernels/x86_64/src/arch/x86_64/include/atomic.h:334:80: warning: pointer parameter 'expected' can be pointer to const [readability-non-const-parameter]
static inline bool atomic_compare_exchange32(volatile uint32_t* ptr, uint32_t* expected,
                                                                               ^
                                                                     const 
/home/tmlcs/GLOBEX_OS/kernels/x86_64/src/arch/x86_64/include/atomic.h:336:64: warning: implicit conversion 'int' -> bool [readability-implicit-bool-conversion]
    return __atomic_compare_exchange_n(ptr, expected, desired, 0, /* weak = false (strong CAS) */
                                                               ^
                                                               false
/home/tmlcs/GLOBEX_OS/kernels/x86_64/src/arch/x86_64/include/atomic.h:361:65: warning: pointer parameter 'ptr' can be pointer to const [readability-non-const-parameter]
static inline bool atomic_compare_exchange64(volatile uint64_t* ptr, uint64_t* expected,
                                                                ^
                                             const 
/home/tmlcs/GLOBEX_OS/kernels/x86_64/src/arch/x86_64/include/atomic.h:361:80: warning: pointer parameter 'expected' can be pointer to const [readability-non-const-parameter]
static inline bool atomic_compare_exchange64(volatile uint64_t* ptr, uint64_t* expected,
                                                                               ^
                                                                     const 
/home/tmlcs/GLOBEX_OS/kernels/x86_64/src/arch/x86_64/include/atomic.h:363:64: warning: implicit conversion 'int' -> bool [readability-implicit-bool-conversion]
    return __atomic_compare_exchange_n(ptr, expected, desired, 0, /* weak = false (strong CAS) */
                                                               ^
                                                               false
/home/tmlcs/GLOBEX_OS/kernels/x86_64/src/arch/x86_64/include/atomic.h:387:64: warning: pointer parameter 'ptr' can be pointer to const [readability-non-const-parameter]
static inline uint32_t atomic_inc32_relaxed(volatile uint32_t* ptr) {
                                                               ^
                                            const 
/home/tmlcs/GLOBEX_OS/kernels/x86_64/src/arch/x86_64/include/atomic.h:399:64: warning: pointer parameter 'ptr' can be pointer to const [readability-non-const-parameter]
static inline uint64_t atomic_inc64_relaxed(volatile uint64_t* ptr) {
                                                               ^
                                            const 
[1;33m/home/tmlcs/GLOBEX_OS/kernels/x86_64/src/drivers/serial/serial.cpp:118:25: warning: 2 adjacent parameters of 'outb' of convertible types are easily swapped by mistake [bugprone-easily-swappable-parameters][0m
static inline void outb(uint16_t port, uint8_t value) {
                        ^~~~~~~~~~~~~~~~~~~~~~~~~~~~
/home/tmlcs/GLOBEX_OS/kernels/x86_64/src/drivers/serial/serial.cpp:118:34: note: the first parameter in the range is 'port'
static inline void outb(uint16_t port, uint8_t value) {
                                 ^~~~
/home/tmlcs/GLOBEX_OS/kernels/x86_64/src/drivers/serial/serial.cpp:118:48: note: the last parameter in the range is 'value'
static inline void outb(uint16_t port, uint8_t value) {
                                               ^~~~~
/home/tmlcs/GLOBEX_OS/kernels/x86_64/src/drivers/serial/serial.cpp:118:25: note: 
static inline void outb(uint16_t port, uint8_t value) {
                        ^
/home/tmlcs/GLOBEX_OS/kernels/x86_64/src/drivers/serial/serial.cpp:118:40: note: 'uint16_t' and 'uint8_t' may be implicitly converted: 'uint16_t' (as 'unsigned short') -> 'uint8_t' (as 'unsigned char'), 'uint8_t' (as 'unsigned char') -> 'uint16_t' (as 'unsigned short')
static inline void outb(uint16_t port, uint8_t value) {
                                       ^
/home/tmlcs/GLOBEX_OS/kernels/x86_64/src/drivers/serial/serial.cpp:188:16: warning: redundant boolean literal in conditional return statement [readability-simplify-boolean-expr]
        return false;
               ^
[1;33m/home/tmlcs/GLOBEX_OS/kernels/x86_64/src/drivers/serial/serial.cpp:199:17: warning: 2 adjacent parameters of 'serial_init' of convertible types are easily swapped by mistake [bugprone-easily-swappable-parameters][0m
int serial_init(uint16_t port, uint32_t baud) {
                ^~~~~~~~~~~~~~~~~~~~~~~~~~~~
/home/tmlcs/GLOBEX_OS/kernels/x86_64/src/drivers/serial/serial.cpp:199:26: note: the first parameter in the range is 'port'
int serial_init(uint16_t port, uint32_t baud) {
                         ^~~~
/home/tmlcs/GLOBEX_OS/kernels/x86_64/src/drivers/serial/serial.cpp:199:41: note: the last parameter in the range is 'baud'
int serial_init(uint16_t port, uint32_t baud) {
                                        ^~~~
/home/tmlcs/GLOBEX_OS/kernels/x86_64/src/drivers/serial/serial.cpp:199:17: note: 
int serial_init(uint16_t port, uint32_t baud) {
                ^
/home/tmlcs/GLOBEX_OS/kernels/x86_64/src/drivers/serial/serial.cpp:199:32: note: 'uint16_t' and 'uint32_t' may be implicitly converted: 'uint16_t' (as 'unsigned short') -> 'uint32_t' (as 'unsigned int'), 'uint32_t' (as 'unsigned int') -> 'uint16_t' (as 'unsigned short')
int serial_init(uint16_t port, uint32_t baud) {
                               ^
/home/tmlcs/GLOBEX_OS/kernels/x86_64/src/drivers/serial/serial.cpp:346:10: warning: implicit conversion 'int' -> bool [readability-implicit-bool-conversion]
    if (!g_serial_state.initialized) {
        ~^
                                    == 0
/home/tmlcs/GLOBEX_OS/kernels/x86_64/src/drivers/serial/serial.cpp:356:13: warning: implicit conversion 'int' -> bool [readability-implicit-bool-conversion]
        if (inb(g_serial_state.port + SERIAL_LSR) & SERIAL_LSR_THRE) {
            ^
            (                                                      ) != 0
/home/tmlcs/GLOBEX_OS/kernels/x86_64/src/drivers/serial/serial.cpp:412:9: warning: implicit conversion 'int' -> bool [readability-implicit-bool-conversion]
    if (print_is_initialized()) {
        ^
                               != 0
/home/tmlcs/GLOBEX_OS/kernels/x86_64/src/drivers/serial/serial.cpp:460:10: warning: implicit conversion 'int' -> bool [readability-implicit-bool-conversion]
    if (!g_serial_state.initialized) {
        ~^
                                    == 0
/home/tmlcs/GLOBEX_OS/kernels/x86_64/src/drivers/serial/serial.cpp:523:12: warning: implicit conversion 'char' -> bool [readability-implicit-bool-conversion]
    while (*str) {
           ^
                != 0
/home/tmlcs/GLOBEX_OS/kernels/x86_64/src/drivers/serial/serial.cpp:525:14: warning: implicit conversion 'int' -> bool [readability-implicit-bool-conversion]
        if (!g_serial_state.initialized) {
            ~^
                                        == 0
/home/tmlcs/GLOBEX_OS/kernels/x86_64/src/drivers/serial/serial.cpp:640:10: warning: implicit conversion 'int' -> bool [readability-implicit-bool-conversion]
    if (!g_serial_state.initialized) {
        ~^
                                    == 0
/home/tmlcs/GLOBEX_OS/kernels/x86_64/src/drivers/serial/serial.cpp:649:9: warning: implicit conversion 'int' -> bool [readability-implicit-bool-conversion]
    if (inb(g_serial_state.port + SERIAL_LSR) & SERIAL_LSR_DR) {
        ^
        (                                                    ) != 0
/home/tmlcs/GLOBEX_OS/kernels/x86_64/src/lib/spinlock/spinlock.h:120:9: warning: implicit conversion 'spinlock_t *' -> bool [readability-implicit-bool-conversion]
    if (*lock) {
        ^
              != nullptr
Suppressed 253 warnings (252 in non-user code, 1 with check filters).
Use -header-filter=.* to display errors from all non-system headers. Use -system-headers to display errors from system headers as well.
[0;34mAnalyzing:[0m kernels/x86_64/src/drivers/vga/vga.cpp
Error while trying to load a compilation database:
Could not auto-detect compilation database for file "/home/tmlcs/GLOBEX_OS/kernels/x86_64/src/drivers/vga/vga.cpp"
No compilation database found in /home/tmlcs/GLOBEX_OS/kernels/x86_64/src/drivers/vga or any parent directory
fixed-compilation-database: Error while opening fixed database: No such file or directory
json-compilation-database: Error while opening JSON database: No such file or directory
Running without flags.
254 warnings generated.
[1;33m/home/tmlcs/GLOBEX_OS/kernels/x86_64/src/drivers/vga/vga.cpp:570:45: warning: performing an implicit widening conversion to type 'const size_t' (aka 'const unsigned long') of a multiplication performed in type 'int' [bugprone-implicit-widening-of-multiplication-result][0m
    constexpr size_t MAX_EARLY_STRING_LEN = VGA_ROWS * VGA_COLS;
                                            ^
/home/tmlcs/GLOBEX_OS/kernels/x86_64/src/core/constants.h:29:18: note: expanded from macro 'VGA_ROWS'
#define VGA_ROWS 25
                 ^
/home/tmlcs/GLOBEX_OS/kernels/x86_64/src/drivers/vga/vga.cpp:570:45: note: make conversion explicit to silence this warning
    constexpr size_t MAX_EARLY_STRING_LEN = VGA_ROWS * VGA_COLS;
                                            ^
                                            static_cast<const size_t>( )
/home/tmlcs/GLOBEX_OS/kernels/x86_64/src/core/constants.h:29:18: note: expanded from macro 'VGA_ROWS'
#define VGA_ROWS 25
                 ^
/home/tmlcs/GLOBEX_OS/kernels/x86_64/src/drivers/vga/vga.cpp:570:45: note: perform multiplication in a wider type
    constexpr size_t MAX_EARLY_STRING_LEN = VGA_ROWS * VGA_COLS;
                                            ^
                                            static_cast<long>()
/home/tmlcs/GLOBEX_OS/kernels/x86_64/src/core/constants.h:29:18: note: expanded from macro 'VGA_ROWS'
#define VGA_ROWS 25
                 ^~
/home/tmlcs/GLOBEX_OS/kernels/x86_64/src/lib/spinlock/spinlock.h:120:9: warning: implicit conversion 'spinlock_t *' -> bool [readability-implicit-bool-conversion]
    if (*lock) {
        ^
              != nullptr
Suppressed 252 warnings (252 in non-user code).
Use -header-filter=.* to display errors from all non-system headers. Use -system-headers to display errors from system headers as well.
[0;34mAnalyzing:[0m kernels/x86_64/src/core/panic/panic.cpp
Error while trying to load a compilation database:
Could not auto-detect compilation database for file "/home/tmlcs/GLOBEX_OS/kernels/x86_64/src/core/panic/panic.cpp"
No compilation database found in /home/tmlcs/GLOBEX_OS/kernels/x86_64/src/core/panic or any parent directory
fixed-compilation-database: Error while opening fixed database: No such file or directory
json-compilation-database: Error while opening JSON database: No such file or directory
Running without flags.
254 warnings generated.
/home/tmlcs/GLOBEX_OS/kernels/x86_64/src/core/panic/panic.cpp:47:10: warning: implicit conversion 'int' -> bool [readability-implicit-bool-conversion]
    if (!serial_is_initialized()) {
        ~^
                                 == 0
/home/tmlcs/GLOBEX_OS/kernels/x86_64/src/core/panic/panic.cpp:77:9: warning: implicit conversion 'int' -> bool [readability-implicit-bool-conversion]
    if (print_is_initialized()) {
        ^
                               != 0
Suppressed 252 warnings (252 in non-user code).
Use -header-filter=.* to display errors from all non-system headers. Use -system-headers to display errors from system headers as well.
[0;34mAnalyzing:[0m kernels/x86_64/src/lib/string/string.cpp
Error while trying to load a compilation database:
Could not auto-detect compilation database for file "/home/tmlcs/GLOBEX_OS/kernels/x86_64/src/lib/string/string.cpp"
No compilation database found in /home/tmlcs/GLOBEX_OS/kernels/x86_64/src/lib/string or any parent directory
fixed-compilation-database: Error while opening fixed database: No such file or directory
json-compilation-database: Error while opening JSON database: No such file or directory
Running without flags.
252 warnings generated.
/home/tmlcs/GLOBEX_OS/kernels/x86_64/src/lib/string/string.cpp:57:16: warning: implicit conversion 'size_t' (aka 'unsigned long') -> bool [readability-implicit-bool-conversion]
        while (n--) {
               ^
               (  ) != 0u
/home/tmlcs/GLOBEX_OS/kernels/x86_64/src/lib/string/string.cpp:64:16: warning: implicit conversion 'size_t' (aka 'unsigned long') -> bool [readability-implicit-bool-conversion]
        while (n--) {
               ^
               (  ) != 0u
/home/tmlcs/GLOBEX_OS/kernels/x86_64/src/lib/string/string.cpp:128:12: warning: implicit conversion 'size_t' (aka 'unsigned long') -> bool [readability-implicit-bool-conversion]
    while (n--) {
           ^
           (  ) != 0u
[1;33m/home/tmlcs/GLOBEX_OS/kernels/x86_64/src/lib/string/string.cpp:149:23: warning: 2 adjacent parameters of 'memset' of convertible types are easily swapped by mistake [bugprone-easily-swappable-parameters][0m
void* memset(void* s, int c, size_t n) {
                      ^~~~~~~~~~~~~~~
/home/tmlcs/GLOBEX_OS/kernels/x86_64/src/lib/string/string.cpp:149:27: note: the first parameter in the range is 'c'
void* memset(void* s, int c, size_t n) {
                          ^
/home/tmlcs/GLOBEX_OS/kernels/x86_64/src/lib/string/string.cpp:149:37: note: the last parameter in the range is 'n'
void* memset(void* s, int c, size_t n) {
                                    ^
/home/tmlcs/GLOBEX_OS/kernels/x86_64/src/lib/string/string.cpp:149:23: note: 
void* memset(void* s, int c, size_t n) {
                      ^
/home/tmlcs/GLOBEX_OS/kernels/x86_64/src/lib/string/string.cpp:149:30: note: 'int' and 'size_t' may be implicitly converted: 'int' -> 'size_t' (as 'unsigned long'), 'size_t' (as 'unsigned long') -> 'int'
void* memset(void* s, int c, size_t n) {
                             ^
/home/tmlcs/GLOBEX_OS/kernels/x86_64/src/lib/string/string.cpp:157:12: warning: implicit conversion 'size_t' (aka 'unsigned long') -> bool [readability-implicit-bool-conversion]
    while (n--) {
           ^
           (  ) != 0u
/home/tmlcs/GLOBEX_OS/kernels/x86_64/src/lib/string/string.cpp:187:12: warning: implicit conversion 'size_t' (aka 'unsigned long') -> bool [readability-implicit-bool-conversion]
    while (n--) {
           ^
           (  ) != 0u
Suppressed 246 warnings (246 in non-user code).
Use -header-filter=.* to display errors from all non-system headers. Use -system-headers to display errors from system headers as well.
[0;34mAnalyzing:[0m kernels/x86_64/src/lib/spinlock/spinlock.cpp
Error while trying to load a compilation database:
Could not auto-detect compilation database for file "/home/tmlcs/GLOBEX_OS/kernels/x86_64/src/lib/spinlock/spinlock.cpp"
No compilation database found in /home/tmlcs/GLOBEX_OS/kernels/x86_64/src/lib/spinlock or any parent directory
fixed-compilation-database: Error while opening fixed database: No such file or directory
json-compilation-database: Error while opening JSON database: No such file or directory
Running without flags.
254 warnings generated.
/home/tmlcs/GLOBEX_OS/kernels/x86_64/src/lib/spinlock/spinlock.cpp:158:12: warning: implicit conversion 'int' -> bool [readability-implicit-bool-conversion]
    while (1) {
           ^
           true
/home/tmlcs/GLOBEX_OS/kernels/x86_64/src/lib/spinlock/spinlock.h:120:9: warning: implicit conversion 'spinlock_t *' -> bool [readability-implicit-bool-conversion]
    if (*lock) {
        ^
              != nullptr
Suppressed 252 warnings (252 in non-user code).
Use -header-filter=.* to display errors from all non-system headers. Use -system-headers to display errors from system headers as well.

[0;34mclang-tidy summary:[0m
  Errors:   [0;31m0[0m
  Warnings: [1;33m47[0m

============================================
Running cppcheck
============================================

Checking /home/tmlcs/GLOBEX_OS/kernels/x86_64/src/core/panic/panic.cpp ...
1/7 files checked 5% done
Checking /home/tmlcs/GLOBEX_OS/kernels/x86_64/src/drivers/console/print.cpp ...
style:/home/tmlcs/GLOBEX_OS/kernels/x86_64/src/drivers/console/print.cpp:51:Function 'print_str' argument 1 names different: declaration 'string' definition 'str'.
2/7 files checked 11% done
Checking /home/tmlcs/GLOBEX_OS/kernels/x86_64/src/drivers/serial/serial.cpp ...
3/7 files checked 42% done
Checking /home/tmlcs/GLOBEX_OS/kernels/x86_64/src/drivers/vga/vga.cpp ...
4/7 files checked 61% done
Checking /home/tmlcs/GLOBEX_OS/kernels/x86_64/src/kernel/main.cpp ...
5/7 files checked 73% done
Checking /home/tmlcs/GLOBEX_OS/kernels/x86_64/src/lib/spinlock/spinlock.cpp ...
6/7 files checked 89% done
Checking /home/tmlcs/GLOBEX_OS/kernels/x86_64/src/lib/string/string.cpp ...
Checking /home/tmlcs/GLOBEX_OS/kernels/x86_64/src/lib/string/string.cpp: DEBUG_ENABLE...
7/7 files checked 100% done

[0;34mcppcheck summary:[0m
  Errors:   [0;31m0[0m
  Warnings: [1;33m0[0m

============================================
Static Analysis Summary
============================================
Total Errors:   \033[0;31m0\033[0m
Total Warnings: \033[1;33m47\033[0m

[1;33m⚠️  Static analysis passed with warnings[0m
Consider fixing the warnings for better code quality.
