Running static analysis (verbose)...
============================================
GLOBEX_OS Static Analysis
============================================

Checking required tools...
[0;32m✓ clang-tidy: Debian LLVM version 14.0.6[0m
[0;32m✓ cppcheck: Cppcheck 2.10[0m

============================================
Running clang-tidy
============================================

Found 11 files to analyze

[0;34mAnalyzing:[0m kernels/x86_64/src/kernel/main.cpp
[0;32m  ✓ No issues found[0m
[0;34mAnalyzing:[0m kernels/x86_64/src/arch/x86_64/idt/idt.cpp
[0;32m  ✓ No issues found[0m
[0;34mAnalyzing:[0m kernels/x86_64/src/arch/x86_64/gdt/gdt.cpp
[0;32m  ✓ No issues found[0m
[0;34mAnalyzing:[0m kernels/x86_64/src/drivers/console/print.cpp
[0;32m  ✓ No issues found[0m
[0;34mAnalyzing:[0m kernels/x86_64/src/drivers/serial/serial.cpp
[0;32m  ✓ No issues found[0m
[0;34mAnalyzing:[0m kernels/x86_64/src/drivers/vga/vga.cpp
[0;32m  ✓ No issues found[0m
[0;34mAnalyzing:[0m kernels/x86_64/src/core/panic/panic.cpp
[0;32m  ✓ No issues found[0m
[0;34mAnalyzing:[0m kernels/x86_64/src/core/coverage/coverage.cpp
[0;32m  ✓ No issues found[0m
[0;34mAnalyzing:[0m kernels/x86_64/src/core/log/log.cpp
[0;32m  ✓ No issues found[0m
[0;34mAnalyzing:[0m kernels/x86_64/src/lib/string/string.cpp
[0;32m  ✓ No issues found[0m
[0;34mAnalyzing:[0m kernels/x86_64/src/lib/spinlock/spinlock.cpp
[0;32m  ✓ No issues found[0m

[0;34mclang-tidy summary:[0m
  Warnings:          [1;33m0[0m
  Suppressed:        [0;34m0[0m (from system headers)
  Total Issues:      [1;33m0[0m

============================================
Running cppcheck
============================================

Checking /home/tmlcs/GLOBEX_OS/kernels/x86_64/src/arch/x86_64/gdt/gdt.cpp ...
1/11 files checked 6% done
Checking /home/tmlcs/GLOBEX_OS/kernels/x86_64/src/arch/x86_64/idt/idt.cpp ...
2/11 files checked 17% done
Checking /home/tmlcs/GLOBEX_OS/kernels/x86_64/src/core/coverage/coverage.cpp ...
Checking /home/tmlcs/GLOBEX_OS/kernels/x86_64/src/core/coverage/coverage.cpp: COVERAGE_ENABLE...
3/11 files checked 22% done
Checking /home/tmlcs/GLOBEX_OS/kernels/x86_64/src/core/log/log.cpp ...
Checking /home/tmlcs/GLOBEX_OS/kernels/x86_64/src/core/log/log.cpp: LOG_TO_VGA...
4/11 files checked 33% done
Checking /home/tmlcs/GLOBEX_OS/kernels/x86_64/src/core/panic/panic.cpp ...
5/11 files checked 36% done
Checking /home/tmlcs/GLOBEX_OS/kernels/x86_64/src/drivers/console/print.cpp ...
6/11 files checked 40% done
Checking /home/tmlcs/GLOBEX_OS/kernels/x86_64/src/drivers/serial/serial.cpp ...
Checking /home/tmlcs/GLOBEX_OS/kernels/x86_64/src/drivers/serial/serial.cpp: COVERAGE_ENABLE...
7/11 files checked 59% done
Checking /home/tmlcs/GLOBEX_OS/kernels/x86_64/src/drivers/vga/vga.cpp ...
Checking /home/tmlcs/GLOBEX_OS/kernels/x86_64/src/drivers/vga/vga.cpp: COVERAGE_ENABLE...
8/11 files checked 73% done
Checking /home/tmlcs/GLOBEX_OS/kernels/x86_64/src/kernel/main.cpp ...
Checking /home/tmlcs/GLOBEX_OS/kernels/x86_64/src/kernel/main.cpp: COVERAGE_ENABLE...
9/11 files checked 83% done
Checking /home/tmlcs/GLOBEX_OS/kernels/x86_64/src/lib/spinlock/spinlock.cpp ...
Checking /home/tmlcs/GLOBEX_OS/kernels/x86_64/src/lib/spinlock/spinlock.cpp: COVERAGE_ENABLE...
10/11 files checked 93% done
Checking /home/tmlcs/GLOBEX_OS/kernels/x86_64/src/lib/string/string.cpp ...
Checking /home/tmlcs/GLOBEX_OS/kernels/x86_64/src/lib/string/string.cpp: DEBUG_ENABLE...
11/11 files checked 100% done

[0;34mcppcheck summary:[0m
  Errors:   [0;31m0[0m
  Warnings: [1;33m0[0m

============================================
Static Analysis Summary
============================================
Total Visible Warnings: \033[1;33m0\033[0m
Suppressed Warnings:    \033[0;34m0\033[0m (system headers)
Total Issues:           \033[1;33m0\033[0m

============================================
Breakdown by Tool
============================================
clang-tidy:
  Visible Warnings:  \033[1;33m0\033[0m
  Suppressed:        \033[0;34m0\033[0m (from system headers)

cppcheck:
  Warnings:          \033[1;33m0\033[0m

============================================
About Suppressed Warnings
============================================
Suppressed warnings are from system headers like:
  - <stdint.h>, <stddef.h> (C standard library)
  - Compiler builtin headers

These are NOT part of your codebase and are safely ignored.
Focus on fixing the \033[1;33m0\033[0m visible warnings above.

[0;32m✅ Static analysis PASSED[0m
No visible issues found!
